#-----------------------------------------------------------
# Vivado v2024.1 (64-bit)
# SW Build 5076996 on Wed May 22 18:36:09 MDT 2024
# IP Build 5075265 on Wed May 22 21:45:21 MDT 2024
# SharedData Build 5076995 on Wed May 22 18:29:18 MDT 2024
# Start of session at: Thu Jun 20 16:12:06 2024
# Process ID: 1252402
# Current directory: /home/ndownes/Desktop/xem7001_template/xem7001_template.runs/impl_1
# Command line: vivado -log breadboard_test.vdi -applog -product Vivado -messageDb vivado.pb -mode batch -source breadboard_test.tcl -notrace
# Log file: /home/ndownes/Desktop/xem7001_template/xem7001_template.runs/impl_1/breadboard_test.vdi
# Journal file: /home/ndownes/Desktop/xem7001_template/xem7001_template.runs/impl_1/vivado.jou
# Running On        :hsinterns
# Platform          :Ubuntu
# Operating System  :Ubuntu 22.04.4 LTS
# Processor Detail  :AMD EPYC 9R14
# CPU Frequency     :3688.996 MHz
# CPU Physical cores:16
# CPU Logical cores :16
# Host memory       :132204 MB
# Swap memory       :0 MB
# Total Virtual     :132204 MB
# Available Virtual :126362 MB
#-----------------------------------------------------------
source breadboard_test.tcl -notrace
