#-----------------------------------------------------------
# Vivado v2024.1 (64-bit)
# SW Build 5076996 on Wed May 22 18:37:14 MDT 2024
# IP Build 5075265 on Wed May 22 21:45:21 MDT 2024
# SharedData Build 5076995 on Wed May 22 18:29:18 MDT 2024
# Start of session at: Sat Jun 22 09:29:59 2024
# Process ID: 47832
# Current directory: C:/Users/PeterHerrmann/Code/HSI/xem7001_template/xem7001_template.runs/synth_1
# Command line: vivado.exe -log breadboard_test.vds -product Vivado -mode batch -messageDb vivado.pb -notrace -source breadboard_test.tcl
# Log file: C:/Users/PeterHerrmann/Code/HSI/xem7001_template/xem7001_template.runs/synth_1/breadboard_test.vds
# Journal file: C:/Users/PeterHerrmann/Code/HSI/xem7001_template/xem7001_template.runs/synth_1\vivado.jou
# Running On        :PETER-H-T14
# Platform          :Windows Server 2016 or Windows 10
# Operating System  :22631
# Processor Detail  :13th Gen Intel(R) Core(TM) i7-1365U
# CPU Frequency     :2688 MHz
# CPU Physical cores:10
# CPU Logical cores :12
# Host memory       :33999 MB
# Swap memory       :7274 MB
# Total Virtual     :41273 MB
# Available Virtual :5626 MB
#-----------------------------------------------------------
source breadboard_test.tcl -notrace
